/-------------------------------\
| Current job: LambdaDiagnostic |
\-------------------------------/

Reading data from tests/Guegan2020/acrolein_HF.log... Please wait.
Building domain and grid, please wait...
Number of excited states read: 49

Excited State Energy: -190.633 Hartree.
  Transitions:
    15A -> 16A, coefficient: 0.699173
    15B -> 16B, coefficient: 0.699173
    15A -> 18A, coefficient: 0.0911291
    15B -> 18B, coefficient: 0.0911291

< 15 | 15 > = 0.983423
< 16 | 16 > = 0.80119
< 15 | 16 > = -0.0327587
< |15| | |16| > = 0.709722

< 15 | 15 > = 0.983423
< 16 | 16 > = 0.80119
< 15 | 16 > = -0.0327587
< |15| | |16| > = 0.709722

< 15 | 15 > = 0.983423
< 18 | 18 > = 0.333486
< 15 | 18 > = 2.82451e-06
< |15| | |18| > = 0.158862

< 15 | 15 > = 0.983423
< 18 | 18 > = 0.333486
< 15 | 18 > = 2.82451e-06
< |15| | |18| > = 0.158862

Lambda = 0.70052
-----------------

Excited State Energy: -190.526 Hartree.
  Transitions:
    14A -> 16A, coefficient: 0.507461
    14B -> 16B, coefficient: 0.507461
    14A -> 18A, coefficient: 0.079893
    14B -> 18B, coefficient: 0.079893
    14A -> 22A, coefficient: -0.0817405
    14B -> 22B, coefficient: -0.0817405
    15A -> 17A, coefficient: 0.397031
    15B -> 17B, coefficient: 0.397031
    15A -> 19A, coefficient: 0.164202
    15B -> 19B, coefficient: 0.164202
    15A -> 20A, coefficient: -0.143917
    15B -> 20B, coefficient: -0.143917
    15A -> 21A, coefficient: -0.0789063
    15B -> 21B, coefficient: -0.0789063

< 14 | 14 > = 0.972991
< 16 | 16 > = 0.80119
< 14 | 16 > = 7.91771e-06
< |14| | |16| > = 0.396309

< 14 | 14 > = 0.972991
< 16 | 16 > = 0.80119
< 14 | 16 > = 7.91771e-06
< |14| | |16| > = 0.396309

< 14 | 14 > = 0.972991
< 18 | 18 > = 0.333486
< 14 | 18 > = 0.0031068
< |14| | |18| > = 0.1679

< 14 | 14 > = 0.972991
< 18 | 18 > = 0.333486
< 14 | 18 > = 0.0031068
< |14| | |18| > = 0.1679

< 14 | 14 > = 0.972991
< 22 | 22 > = 0.279146
< 14 | 22 > = 0.00296463
< |14| | |22| > = 0.152081

< 14 | 14 > = 0.972991
< 22 | 22 > = 0.279146
< 14 | 22 > = 0.00296463
< |14| | |22| > = 0.152081

< 15 | 15 > = 0.983423
< 17 | 17 > = 0.218604
< 15 | 17 > = -4.61827e-05
< |15| | |17| > = 0.174717

< 15 | 15 > = 0.983423
< 17 | 17 > = 0.218604
< 15 | 17 > = -4.61827e-05
< |15| | |17| > = 0.174717

< 15 | 15 > = 0.983423
< 19 | 19 > = 0.331823
< 15 | 19 > = 4.49014e-07
< |15| | |19| > = 0.171061

< 15 | 15 > = 0.983423
< 19 | 19 > = 0.331823
< 15 | 19 > = 4.49014e-07
< |15| | |19| > = 0.171061

< 15 | 15 > = 0.983423
< 20 | 20 > = 0.549472
< 15 | 20 > = -0.0308666
< |15| | |20| > = 0.333447

< 15 | 15 > = 0.983423
< 20 | 20 > = 0.549472
< 15 | 20 > = -0.0308666
< |15| | |20| > = 0.333447

< 15 | 15 > = 0.983423
< 21 | 21 > = 0.2736
< 15 | 21 > = -3.51542e-08
< |15| | |21| > = 0.161056

< 15 | 15 > = 0.983423
< 21 | 21 > = 0.2736
< 15 | 21 > = -3.51542e-08
< |15| | |21| > = 0.161056

Lambda = 0.299112
-----------------

Excited State Energy: -190.526 Hartree.
  Transitions:
    15A -> 16A, coefficient: 0.0965857
    15B -> 16B, coefficient: 0.0965857
    15A -> 18A, coefficient: -0.686796
    15B -> 18B, coefficient: -0.686796
    15A -> 22A, coefficient: 0.0985833
    15B -> 22B, coefficient: 0.0985833

< 15 | 15 > = 0.983423
< 16 | 16 > = 0.80119
< 15 | 16 > = -0.0327587
< |15| | |16| > = 0.709722

< 15 | 15 > = 0.983423
< 16 | 16 > = 0.80119
< 15 | 16 > = -0.0327587
< |15| | |16| > = 0.709722

< 15 | 15 > = 0.983423
< 18 | 18 > = 0.333486
< 15 | 18 > = 2.82451e-06
< |15| | |18| > = 0.158862

< 15 | 15 > = 0.983423
< 18 | 18 > = 0.333486
< 15 | 18 > = 2.82451e-06
< |15| | |18| > = 0.158862

< 15 | 15 > = 0.983423
< 22 | 22 > = 0.279146
< 15 | 22 > = -2.00761e-06
< |15| | |22| > = 0.144638

< 15 | 15 > = 0.983423
< 22 | 22 > = 0.279146
< 15 | 22 > = -2.00761e-06
< |15| | |22| > = 0.144638

Lambda = 0.169052
-----------------

Excited State Energy: -190.513 Hartree.
  Transitions:
    14A -> 16A, coefficient: 0.364835
    14B -> 16B, coefficient: 0.364835
    14A -> 18A, coefficient: 0.0792549
    14B -> 18B, coefficient: 0.0792549
    15A -> 17A, coefficient: -0.56718
    15B -> 17B, coefficient: -0.56718
    15A -> 19A, coefficient: 0.0850075
    15B -> 19B, coefficient: 0.0850075
    15A -> 21A, coefficient: -0.0788532
    15B -> 21B, coefficient: -0.0788532

< 14 | 14 > = 0.972991
< 16 | 16 > = 0.80119
< 14 | 16 > = 7.91771e-06
< |14| | |16| > = 0.396309

< 14 | 14 > = 0.972991
< 16 | 16 > = 0.80119
< 14 | 16 > = 7.91771e-06
< |14| | |16| > = 0.396309

< 14 | 14 > = 0.972991
< 18 | 18 > = 0.333486
< 14 | 18 > = 0.0031068
< |14| | |18| > = 0.1679

< 14 | 14 > = 0.972991
< 18 | 18 > = 0.333486
< 14 | 18 > = 0.0031068
< |14| | |18| > = 0.1679

< 15 | 15 > = 0.983423
< 17 | 17 > = 0.218604
< 15 | 17 > = -4.61827e-05
< |15| | |17| > = 0.174717

< 15 | 15 > = 0.983423
< 17 | 17 > = 0.218604
< 15 | 17 > = -4.61827e-05
< |15| | |17| > = 0.174717

< 15 | 15 > = 0.983423
< 19 | 19 > = 0.331823
< 15 | 19 > = 4.49014e-07
< |15| | |19| > = 0.171061

< 15 | 15 > = 0.983423
< 19 | 19 > = 0.331823
< 15 | 19 > = 4.49014e-07
< |15| | |19| > = 0.171061

< 15 | 15 > = 0.983423
< 21 | 21 > = 0.2736
< 15 | 21 > = -3.51542e-08
< |15| | |21| > = 0.161056

< 15 | 15 > = 0.983423
< 21 | 21 > = 0.2736
< 15 | 21 > = -3.51542e-08
< |15| | |21| > = 0.161056

Lambda = 0.236549
-----------------

Excited State Energy: -190.508 Hartree.
  Transitions:
    14A -> 16A, coefficient: -0.15785
    14B -> 16B, coefficient: -0.15785
    15A -> 19A, coefficient: 0.662084
    15B -> 19B, coefficient: 0.662084
    15A -> 20A, coefficient: -0.106755
    15B -> 20B, coefficient: -0.106755
    15A -> 23A, coefficient: 0.084903
    15B -> 23B, coefficient: 0.084903

< 14 | 14 > = 0.972991
< 16 | 16 > = 0.80119
< 14 | 16 > = 7.91771e-06
< |14| | |16| > = 0.396309

< 14 | 14 > = 0.972991
< 16 | 16 > = 0.80119
< 14 | 16 > = 7.91771e-06
< |14| | |16| > = 0.396309

< 15 | 15 > = 0.983423
< 19 | 19 > = 0.331823
< 15 | 19 > = 4.49014e-07
< |15| | |19| > = 0.171061

< 15 | 15 > = 0.983423
< 19 | 19 > = 0.331823
< 15 | 19 > = 4.49014e-07
< |15| | |19| > = 0.171061

< 15 | 15 > = 0.983423
< 20 | 20 > = 0.549472
< 15 | 20 > = -0.0308666
< |15| | |20| > = 0.333447

< 15 | 15 > = 0.983423
< 20 | 20 > = 0.549472
< 15 | 20 > = -0.0308666
< |15| | |20| > = 0.333447

< 15 | 15 > = 0.983423
< 23 | 23 > = 0.587006
< 15 | 23 > = -0.0260104
< |15| | |23| > = 0.335966

< 15 | 15 > = 0.983423
< 23 | 23 > = 0.587006
< 15 | 23 > = -0.0260104
< |15| | |23| > = 0.335966

Lambda = 0.189016
-----------------

Excited State Energy: -190.499 Hartree.
  Transitions:
    15A -> 17A, coefficient: 0.124215
    15B -> 17B, coefficient: 0.124215
    15A -> 19A, coefficient: 0.139364
    15B -> 19B, coefficient: 0.139364
    15A -> 20A, coefficient: 0.661949
    15B -> 20B, coefficient: 0.661949
    15A -> 21A, coefficient: -0.156155
    15B -> 21B, coefficient: -0.156155

< 15 | 15 > = 0.983423
< 17 | 17 > = 0.218604
< 15 | 17 > = -4.61827e-05
< |15| | |17| > = 0.174717

< 15 | 15 > = 0.983423
< 17 | 17 > = 0.218604
< 15 | 17 > = -4.61827e-05
< |15| | |17| > = 0.174717

< 15 | 15 > = 0.983423
< 19 | 19 > = 0.331823
< 15 | 19 > = 4.49014e-07
< |15| | |19| > = 0.171061

< 15 | 15 > = 0.983423
< 19 | 19 > = 0.331823
< 15 | 19 > = 4.49014e-07
< |15| | |19| > = 0.171061

< 15 | 15 > = 0.983423
< 20 | 20 > = 0.549472
< 15 | 20 > = -0.0308666
< |15| | |20| > = 0.333447

< 15 | 15 > = 0.983423
< 20 | 20 > = 0.549472
< 15 | 20 > = -0.0308666
< |15| | |20| > = 0.333447

< 15 | 15 > = 0.983423
< 21 | 21 > = 0.2736
< 15 | 21 > = -3.51542e-08
< |15| | |21| > = 0.161056

< 15 | 15 > = 0.983423
< 21 | 21 > = 0.2736
< 15 | 21 > = -3.51542e-08
< |15| | |21| > = 0.161056

Lambda = 0.313732
-----------------

Excited State Energy: -190.493 Hartree.
  Transitions:
    13A -> 16A, coefficient: -0.690902
    13B -> 16B, coefficient: -0.690902
    14A -> 17A, coefficient: 0.10336
    14B -> 17B, coefficient: 0.10336

< 13 | 13 > = 0.992728
< 16 | 16 > = 0.80119
< 13 | 16 > = -0.0102268
< |13| | |16| > = 0.64936

< 13 | 13 > = 0.992728
< 16 | 16 > = 0.80119
< 13 | 16 > = -0.0102268
< |13| | |16| > = 0.64936

< 14 | 14 > = 0.972991
< 17 | 17 > = 0.218604
< 14 | 17 > = 0.00325915
< |14| | |17| > = 0.109838

< 14 | 14 > = 0.972991
< 17 | 17 > = 0.218604
< 14 | 17 > = 0.00325915
< |14| | |17| > = 0.109838

Lambda = 0.63755
-----------------

Excited State Energy: -190.492 Hartree.
  Transitions:
    13A -> 16A, coefficient: -0.108029
    13B -> 16B, coefficient: -0.108029
    14A -> 17A, coefficient: -0.69289
    14B -> 17B, coefficient: -0.69289

< 13 | 13 > = 0.992728
< 16 | 16 > = 0.80119
< 13 | 16 > = -0.0102268
< |13| | |16| > = 0.64936

< 13 | 13 > = 0.992728
< 16 | 16 > = 0.80119
< 13 | 16 > = -0.0102268
< |13| | |16| > = 0.64936

< 14 | 14 > = 0.972991
< 17 | 17 > = 0.218604
< 14 | 17 > = 0.00325915
< |14| | |17| > = 0.109838

< 14 | 14 > = 0.972991
< 17 | 17 > = 0.218604
< 14 | 17 > = 0.00325915
< |14| | |17| > = 0.109838

Lambda = 0.122642
-----------------

Excited State Energy: -190.479 Hartree.
  Transitions:
    14A -> 17A, coefficient: 0.075359
    14B -> 17B, coefficient: 0.075359
    14A -> 19A, coefficient: 0.695011
    14B -> 19B, coefficient: 0.695011

< 14 | 14 > = 0.972991
< 17 | 17 > = 0.218604
< 14 | 17 > = 0.00325915
< |14| | |17| > = 0.109838

< 14 | 14 > = 0.972991
< 17 | 17 > = 0.218604
< 14 | 17 > = 0.00325915
< |14| | |17| > = 0.109838

< 14 | 14 > = 0.972991
< 19 | 19 > = 0.331823
< 14 | 19 > = -0.0140748
< |14| | |19| > = 0.168802

< 14 | 14 > = 0.972991
< 19 | 19 > = 0.331823
< 14 | 19 > = -0.0140748
< |14| | |19| > = 0.168802

Lambda = 0.168116
-----------------

Excited State Energy: -190.472 Hartree.
  Transitions:
    11A -> 16A, coefficient: 0.0852329
    11B -> 16B, coefficient: 0.0852329
    15A -> 18A, coefficient: 0.102276
    15B -> 18B, coefficient: 0.102276
    15A -> 22A, coefficient: 0.679195
    15B -> 22B, coefficient: 0.679195
    15A -> 25A, coefficient: -0.130904
    15B -> 25B, coefficient: -0.130904

< 11 | 11 > = 0.905771
< 16 | 16 > = 0.80119
< 11 | 16 > = -4.85254e-05
< |11| | |16| > = 0.450703

< 11 | 11 > = 0.905771
< 16 | 16 > = 0.80119
< 11 | 16 > = -4.85254e-05
< |11| | |16| > = 0.450703

< 15 | 15 > = 0.983423
< 18 | 18 > = 0.333486
< 15 | 18 > = 2.82451e-06
< |15| | |18| > = 0.158862

< 15 | 15 > = 0.983423
< 18 | 18 > = 0.333486
< 15 | 18 > = 2.82451e-06
< |15| | |18| > = 0.158862

< 15 | 15 > = 0.983423
< 22 | 22 > = 0.279146
< 15 | 22 > = -2.00761e-06
< |15| | |22| > = 0.144638

< 15 | 15 > = 0.983423
< 22 | 22 > = 0.279146
< 15 | 22 > = -2.00761e-06
< |15| | |22| > = 0.144638

< 15 | 15 > = 0.983423
< 25 | 25 > = 0.516867
< 15 | 25 > = -0.0323933
< |15| | |25| > = 0.361898

< 15 | 15 > = 0.983423
< 25 | 25 > = 0.516867
< 15 | 25 > = -0.0323933
< |15| | |25| > = 0.361898

Lambda = 0.156923
-----------------

Excited State Energy: -190.471 Hartree.
  Transitions:
    12A -> 16A, coefficient: 0.280755
    12B -> 16B, coefficient: 0.280755
    14A -> 18A, coefficient: 0.512097
    14B -> 18B, coefficient: 0.512097
    15A -> 20A, coefficient: 0.0711877
    15B -> 20B, coefficient: 0.0711877
    15A -> 21A, coefficient: 0.361752
    15B -> 21B, coefficient: 0.361752
    15A -> 23A, coefficient: -0.0922683
    15B -> 23B, coefficient: -0.0922683

< 12 | 12 > = 0.938565
< 16 | 16 > = 0.80119
< 12 | 16 > = -2.46608e-05
< |12| | |16| > = 0.445738

< 12 | 12 > = 0.938565
< 16 | 16 > = 0.80119
< 12 | 16 > = -2.46608e-05
< |12| | |16| > = 0.445738

< 14 | 14 > = 0.972991
< 18 | 18 > = 0.333486
< 14 | 18 > = 0.0031068
< |14| | |18| > = 0.1679

< 14 | 14 > = 0.972991
< 18 | 18 > = 0.333486
< 14 | 18 > = 0.0031068
< |14| | |18| > = 0.1679

< 15 | 15 > = 0.983423
< 20 | 20 > = 0.549472
< 15 | 20 > = -0.0308666
< |15| | |20| > = 0.333447

< 15 | 15 > = 0.983423
< 20 | 20 > = 0.549472
< 15 | 20 > = -0.0308666
< |15| | |20| > = 0.333447

< 15 | 15 > = 0.983423
< 21 | 21 > = 0.2736
< 15 | 21 > = -3.51542e-08
< |15| | |21| > = 0.161056

< 15 | 15 > = 0.983423
< 21 | 21 > = 0.2736
< 15 | 21 > = -3.51542e-08
< |15| | |21| > = 0.161056

< 15 | 15 > = 0.983423
< 23 | 23 > = 0.587006
< 15 | 23 > = -0.0260104
< |15| | |23| > = 0.335966

< 15 | 15 > = 0.983423
< 23 | 23 > = 0.587006
< 15 | 23 > = -0.0260104
< |15| | |23| > = 0.335966

Lambda = 0.215837
-----------------

Excited State Energy: -190.467 Hartree.
  Transitions:
    11A -> 16A, coefficient: 0.691472
    11B -> 16B, coefficient: 0.691472
    14A -> 20A, coefficient: 0.0723088
    14B -> 20B, coefficient: 0.0723088
    15A -> 22A, coefficient: -0.0847406
    15B -> 22B, coefficient: -0.0847406

< 11 | 11 > = 0.905771
< 16 | 16 > = 0.80119
< 11 | 16 > = -4.85254e-05
< |11| | |16| > = 0.450703

< 11 | 11 > = 0.905771
< 16 | 16 > = 0.80119
< 11 | 16 > = -4.85254e-05
< |11| | |16| > = 0.450703

< 14 | 14 > = 0.972991
< 20 | 20 > = 0.549472
< 14 | 20 > = 3.60889e-06
< |14| | |20| > = 0.229306

< 14 | 14 > = 0.972991
< 20 | 20 > = 0.549472
< 14 | 20 > = 3.60889e-06
< |14| | |20| > = 0.229306

< 15 | 15 > = 0.983423
< 22 | 22 > = 0.279146
< 15 | 22 > = -2.00761e-06
< |15| | |22| > = 0.144638

< 15 | 15 > = 0.983423
< 22 | 22 > = 0.279146
< 15 | 22 > = -2.00761e-06
< |15| | |22| > = 0.144638

Lambda = 0.443863
-----------------

Excited State Energy: -190.463 Hartree.
  Transitions:
    12A -> 16A, coefficient: 0.149613
    12B -> 16B, coefficient: 0.149613
    14A -> 16A, coefficient: -0.105193
    14B -> 16B, coefficient: -0.105193
    14A -> 18A, coefficient: 0.293709
    14B -> 18B, coefficient: 0.293709
    15A -> 20A, coefficient: -0.0875966
    15B -> 20B, coefficient: -0.0875966
    15A -> 21A, coefficient: -0.443031
    15B -> 21B, coefficient: -0.443031
    15A -> 23A, coefficient: 0.39497
    15B -> 23B, coefficient: 0.39497

< 12 | 12 > = 0.938565
< 16 | 16 > = 0.80119
< 12 | 16 > = -2.46608e-05
< |12| | |16| > = 0.445738

< 12 | 12 > = 0.938565
< 16 | 16 > = 0.80119
< 12 | 16 > = -2.46608e-05
< |12| | |16| > = 0.445738

< 14 | 14 > = 0.972991
< 16 | 16 > = 0.80119
< 14 | 16 > = 7.91771e-06
< |14| | |16| > = 0.396309

< 14 | 14 > = 0.972991
< 16 | 16 > = 0.80119
< 14 | 16 > = 7.91771e-06
< |14| | |16| > = 0.396309

< 14 | 14 > = 0.972991
< 18 | 18 > = 0.333486
< 14 | 18 > = 0.0031068
< |14| | |18| > = 0.1679

< 14 | 14 > = 0.972991
< 18 | 18 > = 0.333486
< 14 | 18 > = 0.0031068
< |14| | |18| > = 0.1679

< 15 | 15 > = 0.983423
< 20 | 20 > = 0.549472
< 15 | 20 > = -0.0308666
< |15| | |20| > = 0.333447

< 15 | 15 > = 0.983423
< 20 | 20 > = 0.549472
< 15 | 20 > = -0.0308666
< |15| | |20| > = 0.333447

< 15 | 15 > = 0.983423
< 21 | 21 > = 0.2736
< 15 | 21 > = -3.51542e-08
< |15| | |21| > = 0.161056

< 15 | 15 > = 0.983423
< 21 | 21 > = 0.2736
< 15 | 21 > = -3.51542e-08
< |15| | |21| > = 0.161056

< 15 | 15 > = 0.983423
< 23 | 23 > = 0.587006
< 15 | 23 > = -0.0260104
< |15| | |23| > = 0.335966

< 15 | 15 > = 0.983423
< 23 | 23 > = 0.587006
< 15 | 23 > = -0.0260104
< |15| | |23| > = 0.335966

Lambda = 0.240642
-----------------

Excited State Energy: -190.462 Hartree.
  Transitions:
    11A -> 16A, coefficient: -0.0734657
    11B -> 16B, coefficient: -0.0734657
    14A -> 20A, coefficient: 0.697675
    14B -> 20B, coefficient: 0.697675

< 11 | 11 > = 0.905771
< 16 | 16 > = 0.80119
< 11 | 16 > = -4.85254e-05
< |11| | |16| > = 0.450703

< 11 | 11 > = 0.905771
< 16 | 16 > = 0.80119
< 11 | 16 > = -4.85254e-05
< |11| | |16| > = 0.450703

< 14 | 14 > = 0.972991
< 20 | 20 > = 0.549472
< 14 | 20 > = 3.60889e-06
< |14| | |20| > = 0.229306

< 14 | 14 > = 0.972991
< 20 | 20 > = 0.549472
< 14 | 20 > = 3.60889e-06
< |14| | |20| > = 0.229306

Lambda = 0.231734
-----------------

Excited State Energy: -190.458 Hartree.
  Transitions:
    12A -> 16A, coefficient: 0.0908262
    12B -> 16B, coefficient: 0.0908262
    14A -> 16A, coefficient: 0.115339
    14B -> 16B, coefficient: 0.115339
    14A -> 18A, coefficient: -0.180936
    14B -> 18B, coefficient: -0.180936
    14A -> 22A, coefficient: -0.0752996
    14B -> 22B, coefficient: -0.0752996
    15A -> 20A, coefficient: 0.100992
    15B -> 20B, coefficient: 0.100992
    15A -> 21A, coefficient: 0.339851
    15B -> 21B, coefficient: 0.339851
    15A -> 23A, coefficient: 0.542795
    15B -> 23B, coefficient: 0.542795
    15A -> 24A, coefficient: 0.0756056
    15B -> 24B, coefficient: 0.0756056

< 12 | 12 > = 0.938565
< 16 | 16 > = 0.80119
< 12 | 16 > = -2.46608e-05
< |12| | |16| > = 0.445738

< 12 | 12 > = 0.938565
< 16 | 16 > = 0.80119
< 12 | 16 > = -2.46608e-05
< |12| | |16| > = 0.445738

< 14 | 14 > = 0.972991
< 16 | 16 > = 0.80119
< 14 | 16 > = 7.91771e-06
< |14| | |16| > = 0.396309

< 14 | 14 > = 0.972991
< 16 | 16 > = 0.80119
< 14 | 16 > = 7.91771e-06
< |14| | |16| > = 0.396309

< 14 | 14 > = 0.972991
< 18 | 18 > = 0.333486
< 14 | 18 > = 0.0031068
< |14| | |18| > = 0.1679

< 14 | 14 > = 0.972991
< 18 | 18 > = 0.333486
< 14 | 18 > = 0.0031068
< |14| | |18| > = 0.1679

< 14 | 14 > = 0.972991
< 22 | 22 > = 0.279146
< 14 | 22 > = 0.00296463
< |14| | |22| > = 0.152081

< 14 | 14 > = 0.972991
< 22 | 22 > = 0.279146
< 14 | 22 > = 0.00296463
< |14| | |22| > = 0.152081

< 15 | 15 > = 0.983423
< 20 | 20 > = 0.549472
< 15 | 20 > = -0.0308666
< |15| | |20| > = 0.333447

< 15 | 15 > = 0.983423
< 20 | 20 > = 0.549472
< 15 | 20 > = -0.0308666
< |15| | |20| > = 0.333447

< 15 | 15 > = 0.983423
< 21 | 21 > = 0.2736
< 15 | 21 > = -3.51542e-08
< |15| | |21| > = 0.161056

< 15 | 15 > = 0.983423
< 21 | 21 > = 0.2736
< 15 | 21 > = -3.51542e-08
< |15| | |21| > = 0.161056

< 15 | 15 > = 0.983423
< 23 | 23 > = 0.587006
< 15 | 23 > = -0.0260104
< |15| | |23| > = 0.335966

< 15 | 15 > = 0.983423
< 23 | 23 > = 0.587006
< 15 | 23 > = -0.0260104
< |15| | |23| > = 0.335966

< 15 | 15 > = 0.983423
< 24 | 24 > = 0.533229
< 15 | 24 > = 6.83684e-05
< |15| | |24| > = 0.297188

< 15 | 15 > = 0.983423
< 24 | 24 > = 0.533229
< 15 | 24 > = 6.83684e-05
< |15| | |24| > = 0.297188

Lambda = 0.283938
-----------------

Excited State Energy: -190.44 Hartree.
  Transitions:
    15A -> 23A, coefficient: 0.111433
    15B -> 23B, coefficient: 0.111433
    15A -> 24A, coefficient: -0.690378
    15B -> 24B, coefficient: -0.690378

< 15 | 15 > = 0.983423
< 23 | 23 > = 0.587006
< 15 | 23 > = -0.0260104
< |15| | |23| > = 0.335966

< 15 | 15 > = 0.983423
< 23 | 23 > = 0.587006
< 15 | 23 > = -0.0260104
< |15| | |23| > = 0.335966

< 15 | 15 > = 0.983423
< 24 | 24 > = 0.533229
< 15 | 24 > = 6.83684e-05
< |15| | |24| > = 0.297188

< 15 | 15 > = 0.983423
< 24 | 24 > = 0.533229
< 15 | 24 > = 6.83684e-05
< |15| | |24| > = 0.297188

Lambda = 0.298173
-----------------

Excited State Energy: -190.438 Hartree.
  Transitions:
    15A -> 22A, coefficient: -0.133769
    15B -> 22B, coefficient: -0.133769
    15A -> 25A, coefficient: -0.68832
    15B -> 25B, coefficient: -0.68832

< 15 | 15 > = 0.983423
< 22 | 22 > = 0.279146
< 15 | 22 > = -2.00761e-06
< |15| | |22| > = 0.144638

< 15 | 15 > = 0.983423
< 22 | 22 > = 0.279146
< 15 | 22 > = -2.00761e-06
< |15| | |22| > = 0.144638

< 15 | 15 > = 0.983423
< 25 | 25 > = 0.516867
< 15 | 25 > = -0.0323933
< |15| | |25| > = 0.361898

< 15 | 15 > = 0.983423
< 25 | 25 > = 0.516867
< 15 | 25 > = -0.0323933
< |15| | |25| > = 0.361898

Lambda = 0.353991
-----------------

Excited State Energy: -190.435 Hartree.
  Transitions:
    12A -> 16A, coefficient: -0.281459
    12B -> 16B, coefficient: -0.281459
    12A -> 18A, coefficient: 0.0724367
    12B -> 18B, coefficient: 0.0724367
    14A -> 16A, coefficient: 0.0982614
    14B -> 16B, coefficient: 0.0982614
    14A -> 18A, coefficient: 0.124813
    14B -> 18B, coefficient: 0.124813
    14A -> 22A, coefficient: 0.581604
    14B -> 22B, coefficient: 0.581604
    15A -> 21A, coefficient: 0.0725466
    15B -> 21B, coefficient: 0.0725466
    15A -> 23A, coefficient: 0.0837301
    15B -> 23B, coefficient: 0.0837301
    15A -> 24A, coefficient: 0.0859448
    15B -> 24B, coefficient: 0.0859448

< 12 | 12 > = 0.938565
< 16 | 16 > = 0.80119
< 12 | 16 > = -2.46608e-05
< |12| | |16| > = 0.445738

< 12 | 12 > = 0.938565
< 16 | 16 > = 0.80119
< 12 | 16 > = -2.46608e-05
< |12| | |16| > = 0.445738

< 12 | 12 > = 0.938565
< 18 | 18 > = 0.333486
< 12 | 18 > = -0.025134
< |12| | |18| > = 0.202499

< 12 | 12 > = 0.938565
< 18 | 18 > = 0.333486
< 12 | 18 > = -0.025134
< |12| | |18| > = 0.202499

< 14 | 14 > = 0.972991
< 16 | 16 > = 0.80119
< 14 | 16 > = 7.91771e-06
< |14| | |16| > = 0.396309

< 14 | 14 > = 0.972991
< 16 | 16 > = 0.80119
< 14 | 16 > = 7.91771e-06
< |14| | |16| > = 0.396309

< 14 | 14 > = 0.972991
< 18 | 18 > = 0.333486
< 14 | 18 > = 0.0031068
< |14| | |18| > = 0.1679

< 14 | 14 > = 0.972991
< 18 | 18 > = 0.333486
< 14 | 18 > = 0.0031068
< |14| | |18| > = 0.1679

< 14 | 14 > = 0.972991
< 22 | 22 > = 0.279146
< 14 | 22 > = 0.00296463
< |14| | |22| > = 0.152081

< 14 | 14 > = 0.972991
< 22 | 22 > = 0.279146
< 14 | 22 > = 0.00296463
< |14| | |22| > = 0.152081

< 15 | 15 > = 0.983423
< 21 | 21 > = 0.2736
< 15 | 21 > = -3.51542e-08
< |15| | |21| > = 0.161056

< 15 | 15 > = 0.983423
< 21 | 21 > = 0.2736
< 15 | 21 > = -3.51542e-08
< |15| | |21| > = 0.161056

< 15 | 15 > = 0.983423
< 23 | 23 > = 0.587006
< 15 | 23 > = -0.0260104
< |15| | |23| > = 0.335966

< 15 | 15 > = 0.983423
< 23 | 23 > = 0.587006
< 15 | 23 > = -0.0260104
< |15| | |23| > = 0.335966

< 15 | 15 > = 0.983423
< 24 | 24 > = 0.533229
< 15 | 24 > = 6.83684e-05
< |15| | |24| > = 0.297188

< 15 | 15 > = 0.983423
< 24 | 24 > = 0.533229
< 15 | 24 > = 6.83684e-05
< |15| | |24| > = 0.297188

Lambda = 0.213114
-----------------

Excited State Energy: -190.434 Hartree.
  Transitions:
    14A -> 21A, coefficient: 0.700927
    14B -> 21B, coefficient: 0.700927

< 14 | 14 > = 0.972991
< 21 | 21 > = 0.2736
< 14 | 21 > = -0.0384167
< |14| | |21| > = 0.175227

< 14 | 14 > = 0.972991
< 21 | 21 > = 0.2736
< 14 | 21 > = -0.0384167
< |14| | |21| > = 0.175227

Lambda = 0.175227
-----------------

Excited State Energy: -190.429 Hartree.
  Transitions:
    14A -> 23A, coefficient: 0.700286
    14B -> 23B, coefficient: 0.700286

< 14 | 14 > = 0.972991
< 23 | 23 > = 0.587006
< 14 | 23 > = 3.43538e-05
< |14| | |23| > = 0.164672

< 14 | 14 > = 0.972991
< 23 | 23 > = 0.587006
< 14 | 23 > = 3.43538e-05
< |14| | |23| > = 0.164672

Lambda = 0.164672
-----------------

Excited State Energy: -190.426 Hartree.
  Transitions:
    12A -> 16A, coefficient: -0.418541
    12B -> 16B, coefficient: -0.418541
    12A -> 18A, coefficient: 0.0805838
    12B -> 18B, coefficient: 0.0805838
    14A -> 18A, coefficient: 0.219771
    14B -> 18B, coefficient: 0.219771
    14A -> 22A, coefficient: -0.333441
    14B -> 22B, coefficient: -0.333441
    14A -> 27A, coefficient: 0.180945
    14B -> 27B, coefficient: 0.180945
    15A -> 23A, coefficient: 0.099932
    15B -> 23B, coefficient: 0.099932
    15A -> 26A, coefficient: 0.285851
    15B -> 26B, coefficient: 0.285851

< 12 | 12 > = 0.938565
< 16 | 16 > = 0.80119
< 12 | 16 > = -2.46608e-05
< |12| | |16| > = 0.445738

< 12 | 12 > = 0.938565
< 16 | 16 > = 0.80119
< 12 | 16 > = -2.46608e-05
< |12| | |16| > = 0.445738

< 12 | 12 > = 0.938565
< 18 | 18 > = 0.333486
< 12 | 18 > = -0.025134
< |12| | |18| > = 0.202499

< 12 | 12 > = 0.938565
< 18 | 18 > = 0.333486
< 12 | 18 > = -0.025134
< |12| | |18| > = 0.202499

< 14 | 14 > = 0.972991
< 18 | 18 > = 0.333486
< 14 | 18 > = 0.0031068
< |14| | |18| > = 0.1679

< 14 | 14 > = 0.972991
< 18 | 18 > = 0.333486
< 14 | 18 > = 0.0031068
< |14| | |18| > = 0.1679

< 14 | 14 > = 0.972991
< 22 | 22 > = 0.279146
< 14 | 22 > = 0.00296463
< |14| | |22| > = 0.152081

< 14 | 14 > = 0.972991
< 22 | 22 > = 0.279146
< 14 | 22 > = 0.00296463
< |14| | |22| > = 0.152081

< 14 | 14 > = 0.972991
< 27 | 27 > = 0.53268
< 14 | 27 > = 0.00203186
< |14| | |27| > = 0.182331

< 14 | 14 > = 0.972991
< 27 | 27 > = 0.53268
< 14 | 27 > = 0.00203186
< |14| | |27| > = 0.182331

< 15 | 15 > = 0.983423
< 23 | 23 > = 0.587006
< 15 | 23 > = -0.0260104
< |15| | |23| > = 0.335966

< 15 | 15 > = 0.983423
< 23 | 23 > = 0.587006
< 15 | 23 > = -0.0260104
< |15| | |23| > = 0.335966

< 15 | 15 > = 0.983423
< 26 | 26 > = 0.383752
< 15 | 26 > = 8.00567e-06
< |15| | |26| > = 0.169442

< 15 | 15 > = 0.983423
< 26 | 26 > = 0.383752
< 15 | 26 > = 8.00567e-06
< |15| | |26| > = 0.169442

Lambda = 0.274031
-----------------

Excited State Energy: -190.414 Hartree.
  Transitions:
    9A -> 16A, coefficient: 0.559632
    9B -> 16B, coefficient: 0.559632
    10A -> 16A, coefficient: 0.36768
    10B -> 16B, coefficient: 0.36768
    11A -> 18A, coefficient: -0.0793497
    11B -> 18B, coefficient: -0.0793497
    13A -> 18A, coefficient: -0.0948403
    13B -> 18B, coefficient: -0.0948403
    14A -> 24A, coefficient: 0.0748408
    14B -> 24B, coefficient: 0.0748408
    15A -> 27A, coefficient: 0.138426
    15B -> 27B, coefficient: 0.138426

< 9 | 9 > = 0.906906
< 16 | 16 > = 0.80119
< 9 | 16 > = 3.36315e-05
< |9| | |16| > = 0.459783

< 9 | 9 > = 0.906906
< 16 | 16 > = 0.80119
< 9 | 16 > = 3.36315e-05
< |9| | |16| > = 0.459783

< 10 | 10 > = 0.971797
< 16 | 16 > = 0.80119
< 10 | 16 > = 1.09096e-05
< |10| | |16| > = 0.477384

< 10 | 10 > = 0.971797
< 16 | 16 > = 0.80119
< 10 | 16 > = 1.09096e-05
< |10| | |16| > = 0.477384

< 11 | 11 > = 0.905771
< 18 | 18 > = 0.333486
< 11 | 18 > = 0.00962247
< |11| | |18| > = 0.183596

< 11 | 11 > = 0.905771
< 18 | 18 > = 0.333486
< 11 | 18 > = 0.00962247
< |11| | |18| > = 0.183596

< 13 | 13 > = 0.992728
< 18 | 18 > = 0.333486
< 13 | 18 > = 8.657e-06
< |13| | |18| > = 0.130108

< 13 | 13 > = 0.992728
< 18 | 18 > = 0.333486
< 13 | 18 > = 8.657e-06
< |13| | |18| > = 0.130108

< 14 | 14 > = 0.972991
< 24 | 24 > = 0.533229
< 14 | 24 > = 0.000982523
< |14| | |24| > = 0.165119

< 14 | 14 > = 0.972991
< 24 | 24 > = 0.533229
< 14 | 24 > = 0.000982523
< |14| | |24| > = 0.165119

< 15 | 15 > = 0.983423
< 27 | 27 > = 0.53268
< 15 | 27 > = -4.29282e-05
< |15| | |27| > = 0.327158

< 15 | 15 > = 0.983423
< 27 | 27 > = 0.53268
< 15 | 27 > = -4.29282e-05
< |15| | |27| > = 0.327158

Lambda = 0.446441
-----------------

Excited State Energy: -190.414 Hartree.
  Transitions:
    12A -> 16A, coefficient: 0.209943
    12B -> 16B, coefficient: 0.209943
    12A -> 18A, coefficient: -0.12263
    12B -> 18B, coefficient: -0.12263
    14A -> 18A, coefficient: -0.0739082
    14B -> 18B, coefficient: -0.0739082
    14A -> 22A, coefficient: 0.0857684
    14B -> 22B, coefficient: 0.0857684
    14A -> 27A, coefficient: -0.091826
    14B -> 27B, coefficient: -0.091826
    15A -> 26A, coefficient: 0.626522
    15B -> 26B, coefficient: 0.626522
    15A -> 28A, coefficient: 0.112049
    15B -> 28B, coefficient: 0.112049

< 12 | 12 > = 0.938565
< 16 | 16 > = 0.80119
< 12 | 16 > = -2.46608e-05
< |12| | |16| > = 0.445738

< 12 | 12 > = 0.938565
< 16 | 16 > = 0.80119
< 12 | 16 > = -2.46608e-05
< |12| | |16| > = 0.445738

< 12 | 12 > = 0.938565
< 18 | 18 > = 0.333486
< 12 | 18 > = -0.025134
< |12| | |18| > = 0.202499

< 12 | 12 > = 0.938565
< 18 | 18 > = 0.333486
< 12 | 18 > = -0.025134
< |12| | |18| > = 0.202499

< 14 | 14 > = 0.972991
< 18 | 18 > = 0.333486
< 14 | 18 > = 0.0031068
< |14| | |18| > = 0.1679

< 14 | 14 > = 0.972991
< 18 | 18 > = 0.333486
< 14 | 18 > = 0.0031068
< |14| | |18| > = 0.1679

< 14 | 14 > = 0.972991
< 22 | 22 > = 0.279146
< 14 | 22 > = 0.00296463
< |14| | |22| > = 0.152081

< 14 | 14 > = 0.972991
< 22 | 22 > = 0.279146
< 14 | 22 > = 0.00296463
< |14| | |22| > = 0.152081

< 14 | 14 > = 0.972991
< 27 | 27 > = 0.53268
< 14 | 27 > = 0.00203186
< |14| | |27| > = 0.182331

< 14 | 14 > = 0.972991
< 27 | 27 > = 0.53268
< 14 | 27 > = 0.00203186
< |14| | |27| > = 0.182331

< 15 | 15 > = 0.983423
< 26 | 26 > = 0.383752
< 15 | 26 > = 8.00567e-06
< |15| | |26| > = 0.169442

< 15 | 15 > = 0.983423
< 26 | 26 > = 0.383752
< 15 | 26 > = 8.00567e-06
< |15| | |26| > = 0.169442

< 15 | 15 > = 0.983423
< 28 | 28 > = 0.483946
< 15 | 28 > = -8.20905e-06
< |15| | |28| > = 0.226067

< 15 | 15 > = 0.983423
< 28 | 28 > = 0.483946
< 15 | 28 > = -8.20905e-06
< |15| | |28| > = 0.226067

Lambda = 0.19696
-----------------

Excited State Energy: -190.411 Hartree.
  Transitions:
    9A -> 16A, coefficient: 0.350699
    9B -> 16B, coefficient: 0.350699
    10A -> 16A, coefficient: -0.529606
    10B -> 16B, coefficient: -0.529606
    11A -> 18A, coefficient: 0.0894571
    11B -> 18B, coefficient: 0.0894571
    13A -> 18A, coefficient: -0.136697
    13B -> 18B, coefficient: -0.136697
    14A -> 24A, coefficient: -0.229938
    14B -> 24B, coefficient: -0.229938
    15A -> 27A, coefficient: 0.0813158
    15B -> 27B, coefficient: 0.0813158

< 9 | 9 > = 0.906906
< 16 | 16 > = 0.80119
< 9 | 16 > = 3.36315e-05
< |9| | |16| > = 0.459783

< 9 | 9 > = 0.906906
< 16 | 16 > = 0.80119
< 9 | 16 > = 3.36315e-05
< |9| | |16| > = 0.459783

< 10 | 10 > = 0.971797
< 16 | 16 > = 0.80119
< 10 | 16 > = 1.09096e-05
< |10| | |16| > = 0.477384

< 10 | 10 > = 0.971797
< 16 | 16 > = 0.80119
< 10 | 16 > = 1.09096e-05
< |10| | |16| > = 0.477384

< 11 | 11 > = 0.905771
< 18 | 18 > = 0.333486
< 11 | 18 > = 0.00962247
< |11| | |18| > = 0.183596

< 11 | 11 > = 0.905771
< 18 | 18 > = 0.333486
< 11 | 18 > = 0.00962247
< |11| | |18| > = 0.183596

< 13 | 13 > = 0.992728
< 18 | 18 > = 0.333486
< 13 | 18 > = 8.657e-06
< |13| | |18| > = 0.130108

< 13 | 13 > = 0.992728
< 18 | 18 > = 0.333486
< 13 | 18 > = 8.657e-06
< |13| | |18| > = 0.130108

< 14 | 14 > = 0.972991
< 24 | 24 > = 0.533229
< 14 | 24 > = 0.000982523
< |14| | |24| > = 0.165119

< 14 | 14 > = 0.972991
< 24 | 24 > = 0.533229
< 14 | 24 > = 0.000982523
< |14| | |24| > = 0.165119

< 15 | 15 > = 0.983423
< 27 | 27 > = 0.53268
< 15 | 27 > = -4.29282e-05
< |15| | |27| > = 0.327158

< 15 | 15 > = 0.983423
< 27 | 27 > = 0.53268
< 15 | 27 > = -4.29282e-05
< |15| | |27| > = 0.327158

Lambda = 0.419161
-----------------

Excited State Energy: -190.407 Hartree.
  Transitions:
    9A -> 16A, coefficient: -0.112243
    9B -> 16B, coefficient: -0.112243
    10A -> 16A, coefficient: 0.223858
    10B -> 16B, coefficient: 0.223858
    14A -> 24A, coefficient: -0.635689
    14B -> 24B, coefficient: -0.635689
    15A -> 27A, coefficient: 0.151445
    15B -> 27B, coefficient: 0.151445

< 9 | 9 > = 0.906906
< 16 | 16 > = 0.80119
< 9 | 16 > = 3.36315e-05
< |9| | |16| > = 0.459783

< 9 | 9 > = 0.906906
< 16 | 16 > = 0.80119
< 9 | 16 > = 3.36315e-05
< |9| | |16| > = 0.459783

< 10 | 10 > = 0.971797
< 16 | 16 > = 0.80119
< 10 | 16 > = 1.09096e-05
< |10| | |16| > = 0.477384

< 10 | 10 > = 0.971797
< 16 | 16 > = 0.80119
< 10 | 16 > = 1.09096e-05
< |10| | |16| > = 0.477384

< 14 | 14 > = 0.972991
< 24 | 24 > = 0.533229
< 14 | 24 > = 0.000982523
< |14| | |24| > = 0.165119

< 14 | 14 > = 0.972991
< 24 | 24 > = 0.533229
< 14 | 24 > = 0.000982523
< |14| | |24| > = 0.165119

< 15 | 15 > = 0.983423
< 27 | 27 > = 0.53268
< 15 | 27 > = -4.29282e-05
< |15| | |27| > = 0.327158

< 15 | 15 > = 0.983423
< 27 | 27 > = 0.53268
< 15 | 27 > = -4.29282e-05
< |15| | |27| > = 0.327158

Lambda = 0.21224
-----------------

Excited State Energy: -190.404 Hartree.
  Transitions:
    9A -> 16A, coefficient: 0.119574
    9B -> 16B, coefficient: 0.119574
    13A -> 18A, coefficient: -0.101416
    13B -> 18B, coefficient: -0.101416
    14A -> 24A, coefficient: -0.14759
    14B -> 24B, coefficient: -0.14759
    15A -> 27A, coefficient: -0.659045
    15B -> 27B, coefficient: -0.659045

< 9 | 9 > = 0.906906
< 16 | 16 > = 0.80119
< 9 | 16 > = 3.36315e-05
< |9| | |16| > = 0.459783

< 9 | 9 > = 0.906906
< 16 | 16 > = 0.80119
< 9 | 16 > = 3.36315e-05
< |9| | |16| > = 0.459783

< 13 | 13 > = 0.992728
< 18 | 18 > = 0.333486
< 13 | 18 > = 8.657e-06
< |13| | |18| > = 0.130108

< 13 | 13 > = 0.992728
< 18 | 18 > = 0.333486
< 13 | 18 > = 8.657e-06
< |13| | |18| > = 0.130108

< 14 | 14 > = 0.972991
< 24 | 24 > = 0.533229
< 14 | 24 > = 0.000982523
< |14| | |24| > = 0.165119

< 14 | 14 > = 0.972991
< 24 | 24 > = 0.533229
< 14 | 24 > = 0.000982523
< |14| | |24| > = 0.165119

< 15 | 15 > = 0.983423
< 27 | 27 > = 0.53268
< 15 | 27 > = -4.29282e-05
< |15| | |27| > = 0.327158

< 15 | 15 > = 0.983423
< 27 | 27 > = 0.53268
< 15 | 27 > = -4.29282e-05
< |15| | |27| > = 0.327158

Lambda = 0.319544
-----------------

Excited State Energy: -190.4 Hartree.
  Transitions:
    14A -> 25A, coefficient: -0.689067
    14B -> 25B, coefficient: -0.689067

< 14 | 14 > = 0.972991
< 25 | 25 > = 0.516867
< 14 | 25 > = -5.43494e-06
< |14| | |25| > = 0.256265

< 14 | 14 > = 0.972991
< 25 | 25 > = 0.516867
< 14 | 25 > = -5.43494e-06
< |14| | |25| > = 0.256265

Lambda = 0.256265
-----------------

Excited State Energy: -190.394 Hartree.
  Transitions:
    12A -> 18A, coefficient: 0.13469
    12B -> 18B, coefficient: 0.13469
    15A -> 28A, coefficient: 0.676173
    15B -> 28B, coefficient: 0.676173

< 12 | 12 > = 0.938565
< 18 | 18 > = 0.333486
< 12 | 18 > = -0.025134
< |12| | |18| > = 0.202499

< 12 | 12 > = 0.938565
< 18 | 18 > = 0.333486
< 12 | 18 > = -0.025134
< |12| | |18| > = 0.202499

< 15 | 15 > = 0.983423
< 28 | 28 > = 0.483946
< 15 | 28 > = -8.20905e-06
< |15| | |28| > = 0.226067

< 15 | 15 > = 0.983423
< 28 | 28 > = 0.483946
< 15 | 28 > = -8.20905e-06
< |15| | |28| > = 0.226067

Lambda = 0.225167
-----------------

Excited State Energy: -190.392 Hartree.
  Transitions:
    13A -> 17A, coefficient: -0.685083
    13B -> 17B, coefficient: -0.685083
    13A -> 19A, coefficient: 0.109422
    13B -> 19B, coefficient: 0.109422
    14A -> 27A, coefficient: 0.0832845
    14B -> 27B, coefficient: 0.0832845

< 13 | 13 > = 0.992728
< 17 | 17 > = 0.218604
< 13 | 17 > = -1.22227e-05
< |13| | |17| > = 0.102708

< 13 | 13 > = 0.992728
< 17 | 17 > = 0.218604
< 13 | 17 > = -1.22227e-05
< |13| | |17| > = 0.102708

< 13 | 13 > = 0.992728
< 19 | 19 > = 0.331823
< 13 | 19 > = 4.33334e-06
< |13| | |19| > = 0.169081

< 13 | 13 > = 0.992728
< 19 | 19 > = 0.331823
< 13 | 19 > = 4.33334e-06
< |13| | |19| > = 0.169081

< 14 | 14 > = 0.972991
< 27 | 27 > = 0.53268
< 14 | 27 > = 0.00203186
< |14| | |27| > = 0.182331

< 14 | 14 > = 0.972991
< 27 | 27 > = 0.53268
< 14 | 27 > = 0.00203186
< |14| | |27| > = 0.182331

Lambda = 0.105467
-----------------

Excited State Energy: -190.388 Hartree.
  Transitions:
    9A -> 16A, coefficient: 0.174803
    9B -> 16B, coefficient: 0.174803
    13A -> 18A, coefficient: 0.667329
    13B -> 18B, coefficient: 0.667329
    14A -> 24A, coefficient: -0.0771059
    14B -> 24B, coefficient: -0.0771059

< 9 | 9 > = 0.906906
< 16 | 16 > = 0.80119
< 9 | 16 > = 3.36315e-05
< |9| | |16| > = 0.459783

< 9 | 9 > = 0.906906
< 16 | 16 > = 0.80119
< 9 | 16 > = 3.36315e-05
< |9| | |16| > = 0.459783

< 13 | 13 > = 0.992728
< 18 | 18 > = 0.333486
< 13 | 18 > = 8.657e-06
< |13| | |18| > = 0.130108

< 13 | 13 > = 0.992728
< 18 | 18 > = 0.333486
< 13 | 18 > = 8.657e-06
< |13| | |18| > = 0.130108

< 14 | 14 > = 0.972991
< 24 | 24 > = 0.533229
< 14 | 24 > = 0.000982523
< |14| | |24| > = 0.165119

< 14 | 14 > = 0.972991
< 24 | 24 > = 0.533229
< 14 | 24 > = 0.000982523
< |14| | |24| > = 0.165119

Lambda = 0.151447
-----------------

Excited State Energy: -190.384 Hartree.
  Transitions:
    14A -> 26A, coefficient: 0.691789
    14B -> 26B, coefficient: 0.691789

< 14 | 14 > = 0.972991
< 26 | 26 > = 0.383752
< 14 | 26 > = 0.0121945
< |14| | |26| > = 0.185947

< 14 | 14 > = 0.972991
< 26 | 26 > = 0.383752
< 14 | 26 > = 0.0121945
< |14| | |26| > = 0.185947

Lambda = 0.185947
-----------------

Excited State Energy: -190.377 Hartree.
  Transitions:
    12A -> 17A, coefficient: 0.657597
    12B -> 17B, coefficient: 0.657597
    12A -> 19A, coefficient: 0.18517
    12B -> 19B, coefficient: 0.18517
    12A -> 20A, coefficient: -0.160719
    12B -> 20B, coefficient: -0.160719

< 12 | 12 > = 0.938565
< 17 | 17 > = 0.218604
< 12 | 17 > = -0.00109042
< |12| | |17| > = 0.185672

< 12 | 12 > = 0.938565
< 17 | 17 > = 0.218604
< 12 | 17 > = -0.00109042
< |12| | |17| > = 0.185672

< 12 | 12 > = 0.938565
< 19 | 19 > = 0.331823
< 12 | 19 > = 0.00943968
< |12| | |19| > = 0.170424

< 12 | 12 > = 0.938565
< 19 | 19 > = 0.331823
< 12 | 19 > = 0.00943968
< |12| | |19| > = 0.170424

< 12 | 12 > = 0.938565
< 20 | 20 > = 0.549472
< 12 | 20 > = -3.17528e-06
< |12| | |20| > = 0.191165

< 12 | 12 > = 0.938565
< 20 | 20 > = 0.549472
< 12 | 20 > = -3.17528e-06
< |12| | |20| > = 0.191165

Lambda = 0.184898
-----------------

Excited State Energy: -190.376 Hartree.
  Transitions:
    13A -> 17A, coefficient: 0.110704
    13B -> 17B, coefficient: 0.110704
    13A -> 19A, coefficient: 0.656081
    13B -> 19B, coefficient: 0.656081
    13A -> 20A, coefficient: 0.141973
    13B -> 20B, coefficient: 0.141973
    14A -> 27A, coefficient: 0.153486
    14B -> 27B, coefficient: 0.153486

< 13 | 13 > = 0.992728
< 17 | 17 > = 0.218604
< 13 | 17 > = -1.22227e-05
< |13| | |17| > = 0.102708

< 13 | 13 > = 0.992728
< 17 | 17 > = 0.218604
< 13 | 17 > = -1.22227e-05
< |13| | |17| > = 0.102708

< 13 | 13 > = 0.992728
< 19 | 19 > = 0.331823
< 13 | 19 > = 4.33334e-06
< |13| | |19| > = 0.169081

< 13 | 13 > = 0.992728
< 19 | 19 > = 0.331823
< 13 | 19 > = 4.33334e-06
< |13| | |19| > = 0.169081

< 13 | 13 > = 0.992728
< 20 | 20 > = 0.549472
< 13 | 20 > = -0.0139429
< |13| | |20| > = 0.346676

< 13 | 13 > = 0.992728
< 20 | 20 > = 0.549472
< 13 | 20 > = -0.0139429
< |13| | |20| > = 0.346676

< 14 | 14 > = 0.972991
< 27 | 27 > = 0.53268
< 14 | 27 > = 0.00203186
< |14| | |27| > = 0.182331

< 14 | 14 > = 0.972991
< 27 | 27 > = 0.53268
< 14 | 27 > = 0.00203186
< |14| | |27| > = 0.182331

Lambda = 0.17541
-----------------

Excited State Energy: -190.371 Hartree.
  Transitions:
    15A -> 29A, coefficient: -0.699193
    15B -> 29B, coefficient: -0.699193

< 15 | 15 > = 0.983423
< 29 | 29 > = 0.786508
< 15 | 29 > = -0.00959835
< |15| | |29| > = 0.681583

< 15 | 15 > = 0.983423
< 29 | 29 > = 0.786508
< 15 | 29 > = -0.00959835
< |15| | |29| > = 0.681583

Lambda = 0.681583
-----------------

Excited State Energy: -190.367 Hartree.
  Transitions:
    11A -> 18A, coefficient: 0.0736155
    11B -> 18B, coefficient: 0.0736155
    12A -> 17A, coefficient: 0.198758
    12B -> 17B, coefficient: 0.198758
    12A -> 19A, coefficient: -0.65269
    12B -> 19B, coefficient: -0.65269
    14A -> 28A, coefficient: 0.131264
    14B -> 28B, coefficient: 0.131264

< 11 | 11 > = 0.905771
< 18 | 18 > = 0.333486
< 11 | 18 > = 0.00962247
< |11| | |18| > = 0.183596

< 11 | 11 > = 0.905771
< 18 | 18 > = 0.333486
< 11 | 18 > = 0.00962247
< |11| | |18| > = 0.183596

< 12 | 12 > = 0.938565
< 17 | 17 > = 0.218604
< 12 | 17 > = -0.00109042
< |12| | |17| > = 0.185672

< 12 | 12 > = 0.938565
< 17 | 17 > = 0.218604
< 12 | 17 > = -0.00109042
< |12| | |17| > = 0.185672

< 12 | 12 > = 0.938565
< 19 | 19 > = 0.331823
< 12 | 19 > = 0.00943968
< |12| | |19| > = 0.170424

< 12 | 12 > = 0.938565
< 19 | 19 > = 0.331823
< 12 | 19 > = 0.00943968
< |12| | |19| > = 0.170424

< 14 | 14 > = 0.972991
< 28 | 28 > = 0.483946
< 14 | 28 > = -0.0150333
< |14| | |28| > = 0.133492

< 14 | 14 > = 0.972991
< 28 | 28 > = 0.483946
< 14 | 28 > = -0.0150333
< |14| | |28| > = 0.133492

Lambda = 0.170501
-----------------

Excited State Energy: -190.362 Hartree.
  Transitions:
    10A -> 16A, coefficient: 0.0829128
    10B -> 16B, coefficient: 0.0829128
    11A -> 18A, coefficient: 0.313142
    11B -> 18B, coefficient: 0.313142
    12A -> 19A, coefficient: 0.146
    12B -> 19B, coefficient: 0.146
    12A -> 20A, coefficient: -0.114256
    12B -> 20B, coefficient: -0.114256
    14A -> 28A, coefficient: 0.588315
    14B -> 28B, coefficient: 0.588315

< 10 | 10 > = 0.971797
< 16 | 16 > = 0.80119
< 10 | 16 > = 1.09096e-05
< |10| | |16| > = 0.477384

< 10 | 10 > = 0.971797
< 16 | 16 > = 0.80119
< 10 | 16 > = 1.09096e-05
< |10| | |16| > = 0.477384

< 11 | 11 > = 0.905771
< 18 | 18 > = 0.333486
< 11 | 18 > = 0.00962247
< |11| | |18| > = 0.183596

< 11 | 11 > = 0.905771
< 18 | 18 > = 0.333486
< 11 | 18 > = 0.00962247
< |11| | |18| > = 0.183596

< 12 | 12 > = 0.938565
< 19 | 19 > = 0.331823
< 12 | 19 > = 0.00943968
< |12| | |19| > = 0.170424

< 12 | 12 > = 0.938565
< 19 | 19 > = 0.331823
< 12 | 19 > = 0.00943968
< |12| | |19| > = 0.170424

< 12 | 12 > = 0.938565
< 20 | 20 > = 0.549472
< 12 | 20 > = -3.17528e-06
< |12| | |20| > = 0.191165

< 12 | 12 > = 0.938565
< 20 | 20 > = 0.549472
< 12 | 20 > = -3.17528e-06
< |12| | |20| > = 0.191165

< 14 | 14 > = 0.972991
< 28 | 28 > = 0.483946
< 14 | 28 > = -0.0150333
< |14| | |28| > = 0.133492

< 14 | 14 > = 0.972991
< 28 | 28 > = 0.483946
< 14 | 28 > = -0.0150333
< |14| | |28| > = 0.133492

Lambda = 0.151656
-----------------

Excited State Energy: -190.361 Hartree.
  Transitions:
    11A -> 17A, coefficient: -0.0724062
    11B -> 17B, coefficient: -0.0724062
    12A -> 18A, coefficient: -0.105785
    12B -> 18B, coefficient: -0.105785
    13A -> 19A, coefficient: 0.151564
    13B -> 19B, coefficient: 0.151564
    13A -> 20A, coefficient: -0.658316
    13B -> 20B, coefficient: -0.658316
    14A -> 27A, coefficient: -0.107947
    14B -> 27B, coefficient: -0.107947

< 11 | 11 > = 0.905771
< 17 | 17 > = 0.218604
< 11 | 17 > = 0.0588229
< |11| | |17| > = 0.146935

< 11 | 11 > = 0.905771
< 17 | 17 > = 0.218604
< 11 | 17 > = 0.0588229
< |11| | |17| > = 0.146935

< 12 | 12 > = 0.938565
< 18 | 18 > = 0.333486
< 12 | 18 > = -0.025134
< |12| | |18| > = 0.202499

< 12 | 12 > = 0.938565
< 18 | 18 > = 0.333486
< 12 | 18 > = -0.025134
< |12| | |18| > = 0.202499

< 13 | 13 > = 0.992728
< 19 | 19 > = 0.331823
< 13 | 19 > = 4.33334e-06
< |13| | |19| > = 0.169081

< 13 | 13 > = 0.992728
< 19 | 19 > = 0.331823
< 13 | 19 > = 4.33334e-06
< |13| | |19| > = 0.169081

< 13 | 13 > = 0.992728
< 20 | 20 > = 0.549472
< 13 | 20 > = -0.0139429
< |13| | |20| > = 0.346676

< 13 | 13 > = 0.992728
< 20 | 20 > = 0.549472
< 13 | 20 > = -0.0139429
< |13| | |20| > = 0.346676

< 14 | 14 > = 0.972991
< 27 | 27 > = 0.53268
< 14 | 27 > = 0.00203186
< |14| | |27| > = 0.182331

< 14 | 14 > = 0.972991
< 27 | 27 > = 0.53268
< 14 | 27 > = 0.00203186
< |14| | |27| > = 0.182331

Lambda = 0.328809
-----------------

Excited State Energy: -190.36 Hartree.
  Transitions:
    10A -> 16A, coefficient: -0.10239
    10B -> 16B, coefficient: -0.10239
    11A -> 18A, coefficient: -0.602624
    11B -> 18B, coefficient: -0.602624
    11A -> 22A, coefficient: 0.0765439
    11B -> 22B, coefficient: 0.0765439
    14A -> 28A, coefficient: 0.331069
    14B -> 28B, coefficient: 0.331069

< 10 | 10 > = 0.971797
< 16 | 16 > = 0.80119
< 10 | 16 > = 1.09096e-05
< |10| | |16| > = 0.477384

< 10 | 10 > = 0.971797
< 16 | 16 > = 0.80119
< 10 | 16 > = 1.09096e-05
< |10| | |16| > = 0.477384

< 11 | 11 > = 0.905771
< 18 | 18 > = 0.333486
< 11 | 18 > = 0.00962247
< |11| | |18| > = 0.183596

< 11 | 11 > = 0.905771
< 18 | 18 > = 0.333486
< 11 | 18 > = 0.00962247
< |11| | |18| > = 0.183596

< 11 | 11 > = 0.905771
< 22 | 22 > = 0.279146
< 11 | 22 > = 0.0083737
< |11| | |22| > = 0.158754

< 11 | 11 > = 0.905771
< 22 | 22 > = 0.279146
< 11 | 22 > = 0.0083737
< |11| | |22| > = 0.158754

< 14 | 14 > = 0.972991
< 28 | 28 > = 0.483946
< 14 | 28 > = -0.0150333
< |14| | |28| > = 0.133492

< 14 | 14 > = 0.972991
< 28 | 28 > = 0.483946
< 14 | 28 > = -0.0150333
< |14| | |28| > = 0.133492

Lambda = 0.178367
-----------------

Excited State Energy: -190.357 Hartree.
  Transitions:
    11A -> 17A, coefficient: -0.534883
    11B -> 17B, coefficient: -0.534883
    12A -> 18A, coefficient: -0.379693
    12B -> 18B, coefficient: -0.379693
    12A -> 22A, coefficient: -0.0899465
    12B -> 22B, coefficient: -0.0899465
    13A -> 20A, coefficient: 0.108573
    13B -> 20B, coefficient: 0.108573
    15A -> 30A, coefficient: -0.0908323
    15B -> 30B, coefficient: -0.0908323

< 11 | 11 > = 0.905771
< 17 | 17 > = 0.218604
< 11 | 17 > = 0.0588229
< |11| | |17| > = 0.146935

< 11 | 11 > = 0.905771
< 17 | 17 > = 0.218604
< 11 | 17 > = 0.0588229
< |11| | |17| > = 0.146935

< 12 | 12 > = 0.938565
< 18 | 18 > = 0.333486
< 12 | 18 > = -0.025134
< |12| | |18| > = 0.202499

< 12 | 12 > = 0.938565
< 18 | 18 > = 0.333486
< 12 | 18 > = -0.025134
< |12| | |18| > = 0.202499

< 12 | 12 > = 0.938565
< 22 | 22 > = 0.279146
< 12 | 22 > = -0.0404001
< |12| | |22| > = 0.167198

< 12 | 12 > = 0.938565
< 22 | 22 > = 0.279146
< 12 | 22 > = -0.0404001
< |12| | |22| > = 0.167198

< 13 | 13 > = 0.992728
< 20 | 20 > = 0.549472
< 13 | 20 > = -0.0139429
< |13| | |20| > = 0.346676

< 13 | 13 > = 0.992728
< 20 | 20 > = 0.549472
< 13 | 20 > = -0.0139429
< |13| | |20| > = 0.346676

< 15 | 15 > = 0.983423
< 30 | 30 > = 0.614091
< 15 | 30 > = 7.8628e-06
< |15| | |30| > = 0.418899

< 15 | 15 > = 0.983423
< 30 | 30 > = 0.614091
< 15 | 30 > = 7.8628e-06
< |15| | |30| > = 0.418899

Lambda = 0.174799
-----------------

Excited State Energy: -190.356 Hartree.
  Transitions:
    11A -> 17A, coefficient: -0.417409
    11B -> 17B, coefficient: -0.417409
    11A -> 19A, coefficient: -0.130033
    11B -> 19B, coefficient: -0.130033
    12A -> 16A, coefficient: 0.0911837
    12B -> 16B, coefficient: 0.0911837
    12A -> 18A, coefficient: 0.456012
    12B -> 18B, coefficient: 0.456012
    15A -> 28A, coefficient: -0.0773006
    15B -> 28B, coefficient: -0.0773006
    15A -> 30A, coefficient: 0.193867
    15B -> 30B, coefficient: 0.193867
    15A -> 32A, coefficient: -0.108847
    15B -> 32B, coefficient: -0.108847

< 11 | 11 > = 0.905771
< 17 | 17 > = 0.218604
< 11 | 17 > = 0.0588229
< |11| | |17| > = 0.146935

< 11 | 11 > = 0.905771
< 17 | 17 > = 0.218604
< 11 | 17 > = 0.0588229
< |11| | |17| > = 0.146935

< 11 | 11 > = 0.905771
< 19 | 19 > = 0.331823
< 11 | 19 > = 0.00494423
< |11| | |19| > = 0.169041

< 11 | 11 > = 0.905771
< 19 | 19 > = 0.331823
< 11 | 19 > = 0.00494423
< |11| | |19| > = 0.169041

< 12 | 12 > = 0.938565
< 16 | 16 > = 0.80119
< 12 | 16 > = -2.46608e-05
< |12| | |16| > = 0.445738

< 12 | 12 > = 0.938565
< 16 | 16 > = 0.80119
< 12 | 16 > = -2.46608e-05
< |12| | |16| > = 0.445738

< 12 | 12 > = 0.938565
< 18 | 18 > = 0.333486
< 12 | 18 > = -0.025134
< |12| | |18| > = 0.202499

< 12 | 12 > = 0.938565
< 18 | 18 > = 0.333486
< 12 | 18 > = -0.025134
< |12| | |18| > = 0.202499

< 15 | 15 > = 0.983423
< 28 | 28 > = 0.483946
< 15 | 28 > = -8.20905e-06
< |15| | |28| > = 0.226067

< 15 | 15 > = 0.983423
< 28 | 28 > = 0.483946
< 15 | 28 > = -8.20905e-06
< |15| | |28| > = 0.226067

< 15 | 15 > = 0.983423
< 30 | 30 > = 0.614091
< 15 | 30 > = 7.8628e-06
< |15| | |30| > = 0.418899

< 15 | 15 > = 0.983423
< 30 | 30 > = 0.614091
< 15 | 30 > = 7.8628e-06
< |15| | |30| > = 0.418899

< 15 | 15 > = 0.983423
< 32 | 32 > = 0.525816
< 15 | 32 > = -9.66919e-06
< |15| | |32| > = 0.246573

< 15 | 15 > = 0.983423
< 32 | 32 > = 0.525816
< 15 | 32 > = -9.66919e-06
< |15| | |32| > = 0.246573

Lambda = 0.203735
-----------------

Excited State Energy: -190.355 Hartree.
  Transitions:
    12A -> 17A, coefficient: -0.141037
    12B -> 17B, coefficient: -0.141037
    12A -> 19A, coefficient: -0.0813055
    12B -> 19B, coefficient: -0.0813055
    12A -> 20A, coefficient: -0.665096
    12B -> 20B, coefficient: -0.665096
    12A -> 21A, coefficient: 0.110999
    12B -> 21B, coefficient: 0.110999
    14A -> 28A, coefficient: -0.115266
    14B -> 28B, coefficient: -0.115266

< 12 | 12 > = 0.938565
< 17 | 17 > = 0.218604
< 12 | 17 > = -0.00109042
< |12| | |17| > = 0.185672

< 12 | 12 > = 0.938565
< 17 | 17 > = 0.218604
< 12 | 17 > = -0.00109042
< |12| | |17| > = 0.185672

< 12 | 12 > = 0.938565
< 19 | 19 > = 0.331823
< 12 | 19 > = 0.00943968
< |12| | |19| > = 0.170424

< 12 | 12 > = 0.938565
< 19 | 19 > = 0.331823
< 12 | 19 > = 0.00943968
< |12| | |19| > = 0.170424

< 12 | 12 > = 0.938565
< 20 | 20 > = 0.549472
< 12 | 20 > = -3.17528e-06
< |12| | |20| > = 0.191165

< 12 | 12 > = 0.938565
< 20 | 20 > = 0.549472
< 12 | 20 > = -3.17528e-06
< |12| | |20| > = 0.191165

< 12 | 12 > = 0.938565
< 21 | 21 > = 0.2736
< 12 | 21 > = 0.0263174
< |12| | |21| > = 0.193432

< 12 | 12 > = 0.938565
< 21 | 21 > = 0.2736
< 12 | 21 > = 0.0263174
< |12| | |21| > = 0.193432

< 14 | 14 > = 0.972991
< 28 | 28 > = 0.483946
< 14 | 28 > = -0.0150333
< |14| | |28| > = 0.133492

< 14 | 14 > = 0.972991
< 28 | 28 > = 0.483946
< 14 | 28 > = -0.0150333
< |14| | |28| > = 0.133492

Lambda = 0.189174
-----------------

Excited State Energy: -190.348 Hartree.
  Transitions:
    9A -> 17A, coefficient: 0.0737727
    9B -> 17B, coefficient: 0.0737727
    11A -> 19A, coefficient: -0.157888
    11B -> 19B, coefficient: -0.157888
    12A -> 16A, coefficient: 0.113254
    12B -> 16B, coefficient: 0.113254
    13A -> 19A, coefficient: -0.126431
    13B -> 19B, coefficient: -0.126431
    13A -> 20A, coefficient: -0.122648
    13B -> 20B, coefficient: -0.122648
    14A -> 18A, coefficient: -0.0861468
    14B -> 18B, coefficient: -0.0861468
    14A -> 27A, coefficient: 0.571258
    14B -> 27B, coefficient: 0.571258
    15A -> 30A, coefficient: -0.183549
    15B -> 30B, coefficient: -0.183549
    15A -> 34A, coefficient: 0.0735974
    15B -> 34B, coefficient: 0.0735974

< 9 | 9 > = 0.906906
< 17 | 17 > = 0.218604
< 9 | 17 > = -0.0491194
< |9| | |17| > = 0.145653

< 9 | 9 > = 0.906906
< 17 | 17 > = 0.218604
< 9 | 17 > = -0.0491194
< |9| | |17| > = 0.145653

< 11 | 11 > = 0.905771
< 19 | 19 > = 0.331823
< 11 | 19 > = 0.00494423
< |11| | |19| > = 0.169041

< 11 | 11 > = 0.905771
< 19 | 19 > = 0.331823
< 11 | 19 > = 0.00494423
< |11| | |19| > = 0.169041

< 12 | 12 > = 0.938565
< 16 | 16 > = 0.80119
< 12 | 16 > = -2.46608e-05
< |12| | |16| > = 0.445738

< 12 | 12 > = 0.938565
< 16 | 16 > = 0.80119
< 12 | 16 > = -2.46608e-05
< |12| | |16| > = 0.445738

< 13 | 13 > = 0.992728
< 19 | 19 > = 0.331823
< 13 | 19 > = 4.33334e-06
< |13| | |19| > = 0.169081

< 13 | 13 > = 0.992728
< 19 | 19 > = 0.331823
< 13 | 19 > = 4.33334e-06
< |13| | |19| > = 0.169081

< 13 | 13 > = 0.992728
< 20 | 20 > = 0.549472
< 13 | 20 > = -0.0139429
< |13| | |20| > = 0.346676

< 13 | 13 > = 0.992728
< 20 | 20 > = 0.549472
< 13 | 20 > = -0.0139429
< |13| | |20| > = 0.346676

< 14 | 14 > = 0.972991
< 18 | 18 > = 0.333486
< 14 | 18 > = 0.0031068
< |14| | |18| > = 0.1679

< 14 | 14 > = 0.972991
< 18 | 18 > = 0.333486
< 14 | 18 > = 0.0031068
< |14| | |18| > = 0.1679

< 14 | 14 > = 0.972991
< 27 | 27 > = 0.53268
< 14 | 27 > = 0.00203186
< |14| | |27| > = 0.182331

< 14 | 14 > = 0.972991
< 27 | 27 > = 0.53268
< 14 | 27 > = 0.00203186
< |14| | |27| > = 0.182331

< 15 | 15 > = 0.983423
< 30 | 30 > = 0.614091
< 15 | 30 > = 7.8628e-06
< |15| | |30| > = 0.418899

< 15 | 15 > = 0.983423
< 30 | 30 > = 0.614091
< 15 | 30 > = 7.8628e-06
< |15| | |30| > = 0.418899

< 15 | 15 > = 0.983423
< 34 | 34 > = 0.713364
< 15 | 34 > = -2.88465e-05
< |15| | |34| > = 0.345489

< 15 | 15 > = 0.983423
< 34 | 34 > = 0.713364
< 15 | 34 > = -2.88465e-05
< |15| | |34| > = 0.345489

Lambda = 0.21332
-----------------

Excited State Energy: -190.346 Hartree.
  Transitions:
    11A -> 17A, coefficient: 0.0909832
    11B -> 17B, coefficient: 0.0909832
    11A -> 19A, coefficient: -0.662007
    11B -> 19B, coefficient: -0.662007
    12A -> 18A, coefficient: -0.0956151
    12B -> 18B, coefficient: -0.0956151
    14A -> 27A, coefficient: -0.104127
    14B -> 27B, coefficient: -0.104127
    15A -> 30A, coefficient: 0.0981224
    15B -> 30B, coefficient: 0.0981224

< 11 | 11 > = 0.905771
< 17 | 17 > = 0.218604
< 11 | 17 > = 0.0588229
< |11| | |17| > = 0.146935

< 11 | 11 > = 0.905771
< 17 | 17 > = 0.218604
< 11 | 17 > = 0.0588229
< |11| | |17| > = 0.146935

< 11 | 11 > = 0.905771
< 19 | 19 > = 0.331823
< 11 | 19 > = 0.00494423
< |11| | |19| > = 0.169041

< 11 | 11 > = 0.905771
< 19 | 19 > = 0.331823
< 11 | 19 > = 0.00494423
< |11| | |19| > = 0.169041

< 12 | 12 > = 0.938565
< 18 | 18 > = 0.333486
< 12 | 18 > = -0.025134
< |12| | |18| > = 0.202499

< 12 | 12 > = 0.938565
< 18 | 18 > = 0.333486
< 12 | 18 > = -0.025134
< |12| | |18| > = 0.202499

< 14 | 14 > = 0.972991
< 27 | 27 > = 0.53268
< 14 | 27 > = 0.00203186
< |14| | |27| > = 0.182331

< 14 | 14 > = 0.972991
< 27 | 27 > = 0.53268
< 14 | 27 > = 0.00203186
< |14| | |27| > = 0.182331

< 15 | 15 > = 0.983423
< 30 | 30 > = 0.614091
< 15 | 30 > = 7.8628e-06
< |15| | |30| > = 0.418899

< 15 | 15 > = 0.983423
< 30 | 30 > = 0.614091
< 15 | 30 > = 7.8628e-06
< |15| | |30| > = 0.418899

Lambda = 0.174654
-----------------

Excited State Energy: -190.34 Hartree.
  Transitions:
    13A -> 22A, coefficient: -0.686814
    13B -> 22B, coefficient: -0.686814
    14A -> 29A, coefficient: -0.111889
    14B -> 29B, coefficient: -0.111889

< 13 | 13 > = 0.992728
< 22 | 22 > = 0.279146
< 13 | 22 > = 4.76002e-06
< |13| | |22| > = 0.149297

< 13 | 13 > = 0.992728
< 22 | 22 > = 0.279146
< 13 | 22 > = 4.76002e-06
< |13| | |22| > = 0.149297

< 14 | 14 > = 0.972991
< 29 | 29 > = 0.786508
< 14 | 29 > = 8.17677e-06
< |14| | |29| > = 0.357966

< 14 | 14 > = 0.972991
< 29 | 29 > = 0.786508
< 14 | 29 > = 8.17677e-06
< |14| | |29| > = 0.357966

Lambda = 0.154692
-----------------

Excited State Energy: -190.34 Hartree.
  Transitions:
    11A -> 19A, coefficient: -0.0963529
    11B -> 19B, coefficient: -0.0963529
    12A -> 18A, coefficient: 0.156892
    12B -> 18B, coefficient: 0.156892
    14A -> 27A, coefficient: -0.162848
    14B -> 27B, coefficient: -0.162848
    15A -> 30A, coefficient: -0.623111
    15B -> 30B, coefficient: -0.623111
    15A -> 31A, coefficient: -0.0987388
    15B -> 31B, coefficient: -0.0987388
    15A -> 32A, coefficient: -0.0943189
    15B -> 32B, coefficient: -0.0943189

< 11 | 11 > = 0.905771
< 19 | 19 > = 0.331823
< 11 | 19 > = 0.00494423
< |11| | |19| > = 0.169041

< 11 | 11 > = 0.905771
< 19 | 19 > = 0.331823
< 11 | 19 > = 0.00494423
< |11| | |19| > = 0.169041

< 12 | 12 > = 0.938565
< 18 | 18 > = 0.333486
< 12 | 18 > = -0.025134
< |12| | |18| > = 0.202499

< 12 | 12 > = 0.938565
< 18 | 18 > = 0.333486
< 12 | 18 > = -0.025134
< |12| | |18| > = 0.202499

< 14 | 14 > = 0.972991
< 27 | 27 > = 0.53268
< 14 | 27 > = 0.00203186
< |14| | |27| > = 0.182331

< 14 | 14 > = 0.972991
< 27 | 27 > = 0.53268
< 14 | 27 > = 0.00203186
< |14| | |27| > = 0.182331

< 15 | 15 > = 0.983423
< 30 | 30 > = 0.614091
< 15 | 30 > = 7.8628e-06
< |15| | |30| > = 0.418899

< 15 | 15 > = 0.983423
< 30 | 30 > = 0.614091
< 15 | 30 > = 7.8628e-06
< |15| | |30| > = 0.418899

< 15 | 15 > = 0.983423
< 31 | 31 > = 0.699004
< 15 | 31 > = -7.30468e-06
< |15| | |31| > = 0.351433

< 15 | 15 > = 0.983423
< 31 | 31 > = 0.699004
< 15 | 31 > = -7.30468e-06
< |15| | |31| > = 0.351433

< 15 | 15 > = 0.983423
< 32 | 32 > = 0.525816
< 15 | 32 > = -9.66919e-06
< |15| | |32| > = 0.246573

< 15 | 15 > = 0.983423
< 32 | 32 > = 0.525816
< 15 | 32 > = -9.66919e-06
< |15| | |32| > = 0.246573

Lambda = 0.384425
-----------------

Excited State Energy: -190.338 Hartree.
  Transitions:
    13A -> 22A, coefficient: -0.104719
    13B -> 22B, coefficient: -0.104719
    14A -> 29A, coefficient: 0.689524
    14B -> 29B, coefficient: 0.689524

< 13 | 13 > = 0.992728
< 22 | 22 > = 0.279146
< 13 | 22 > = 4.76002e-06
< |13| | |22| > = 0.149297

< 13 | 13 > = 0.992728
< 22 | 22 > = 0.279146
< 13 | 22 > = 4.76002e-06
< |13| | |22| > = 0.149297

< 14 | 14 > = 0.972991
< 29 | 29 > = 0.786508
< 14 | 29 > = 8.17677e-06
< |14| | |29| > = 0.357966

< 14 | 14 > = 0.972991
< 29 | 29 > = 0.786508
< 14 | 29 > = 8.17677e-06
< |14| | |29| > = 0.357966

Lambda = 0.353262
-----------------

Excited State Energy: -190.335 Hartree.
  Transitions:
    10A -> 17A, coefficient: 0.0748644
    10B -> 17B, coefficient: 0.0748644
    11A -> 20A, coefficient: 0.677546
    11B -> 20B, coefficient: 0.677546
    11A -> 21A, coefficient: -0.0721431
    11B -> 21B, coefficient: -0.0721431
    13A -> 21A, coefficient: -0.0879679
    13B -> 21B, coefficient: -0.0879679

< 10 | 10 > = 0.971797
< 17 | 17 > = 0.218604
< 10 | 17 > = -0.00778424
< |10| | |17| > = 0.17398

< 10 | 10 > = 0.971797
< 17 | 17 > = 0.218604
< 10 | 17 > = -0.00778424
< |10| | |17| > = 0.17398

< 11 | 11 > = 0.905771
< 20 | 20 > = 0.549472
< 11 | 20 > = -2.08071e-06
< |11| | |20| > = 0.227086

< 11 | 11 > = 0.905771
< 20 | 20 > = 0.549472
< 11 | 20 > = -2.08071e-06
< |11| | |20| > = 0.227086

< 11 | 11 > = 0.905771
< 21 | 21 > = 0.2736
< 11 | 21 > = -0.0362728
< |11| | |21| > = 0.161888

< 11 | 11 > = 0.905771
< 21 | 21 > = 0.2736
< 11 | 21 > = -0.0362728
< |11| | |21| > = 0.161888

< 13 | 13 > = 0.992728
< 21 | 21 > = 0.2736
< 13 | 21 > = -1.26277e-05
< |13| | |21| > = 0.165749

< 13 | 13 > = 0.992728
< 21 | 21 > = 0.2736
< 13 | 21 > = -1.26277e-05
< |13| | |21| > = 0.165749

Lambda = 0.224758
-----------------

Excited State Energy: -190.334 Hartree.
  Transitions:
    11A -> 20A, coefficient: 0.0803414
    11B -> 20B, coefficient: 0.0803414
    12A -> 22A, coefficient: -0.164066
    12B -> 22B, coefficient: -0.164066
    13A -> 21A, coefficient: 0.664401
    13B -> 21B, coefficient: 0.664401
    13A -> 23A, coefficient: -0.0981327
    13B -> 23B, coefficient: -0.0981327

< 11 | 11 > = 0.905771
< 20 | 20 > = 0.549472
< 11 | 20 > = -2.08071e-06
< |11| | |20| > = 0.227086

< 11 | 11 > = 0.905771
< 20 | 20 > = 0.549472
< 11 | 20 > = -2.08071e-06
< |11| | |20| > = 0.227086

< 12 | 12 > = 0.938565
< 22 | 22 > = 0.279146
< 12 | 22 > = -0.0404001
< |12| | |22| > = 0.167198

< 12 | 12 > = 0.938565
< 22 | 22 > = 0.279146
< 12 | 22 > = -0.0404001
< |12| | |22| > = 0.167198

< 13 | 13 > = 0.992728
< 21 | 21 > = 0.2736
< 13 | 21 > = -1.26277e-05
< |13| | |21| > = 0.165749

< 13 | 13 > = 0.992728
< 21 | 21 > = 0.2736
< 13 | 21 > = -1.26277e-05
< |13| | |21| > = 0.165749

< 13 | 13 > = 0.992728
< 23 | 23 > = 0.587006
< 13 | 23 > = -0.00585039
< |13| | |23| > = 0.262698

< 13 | 13 > = 0.992728
< 23 | 23 > = 0.587006
< 13 | 23 > = -0.00585039
< |13| | |23| > = 0.262698

Lambda = 0.168574
-----------------

Excited State Energy: -190.326 Hartree.
  Transitions:
    11A -> 20A, coefficient: -0.0866056
    11B -> 20B, coefficient: -0.0866056
    12A -> 22A, coefficient: -0.330488
    12B -> 22B, coefficient: -0.330488
    13A -> 23A, coefficient: 0.596218
    13B -> 23B, coefficient: 0.596218
    15A -> 31A, coefficient: -0.0740173
    15B -> 31B, coefficient: -0.0740173

< 11 | 11 > = 0.905771
< 20 | 20 > = 0.549472
< 11 | 20 > = -2.08071e-06
< |11| | |20| > = 0.227086

< 11 | 11 > = 0.905771
< 20 | 20 > = 0.549472
< 11 | 20 > = -2.08071e-06
< |11| | |20| > = 0.227086

< 12 | 12 > = 0.938565
< 22 | 22 > = 0.279146
< 12 | 22 > = -0.0404001
< |12| | |22| > = 0.167198

< 12 | 12 > = 0.938565
< 22 | 22 > = 0.279146
< 12 | 22 > = -0.0404001
< |12| | |22| > = 0.167198

< 13 | 13 > = 0.992728
< 23 | 23 > = 0.587006
< 13 | 23 > = -0.00585039
< |13| | |23| > = 0.262698

< 13 | 13 > = 0.992728
< 23 | 23 > = 0.587006
< 13 | 23 > = -0.00585039
< |13| | |23| > = 0.262698

< 15 | 15 > = 0.983423
< 31 | 31 > = 0.699004
< 15 | 31 > = -7.30468e-06
< |15| | |31| > = 0.351433

< 15 | 15 > = 0.983423
< 31 | 31 > = 0.699004
< 15 | 31 > = -7.30468e-06
< |15| | |31| > = 0.351433

Lambda = 0.24132
-----------------

Time in ms 9.54069e+07
